NOTE: Picked up JDK_JAVA_OPTIONS:  --add-opens=java.base/java.lang=ALL-UNNAMED --add-opens=java.base/java.io=ALL-UNNAMED --add-opens=java.base/java.util=ALL-UNNAMED --add-opens=java.base/java.util.concurrent=ALL-UNNAMED --add-opens=java.rmi/sun.rmi.transport=ALL-UNNAMED
06-Aug-2026 14:31:53.223 정보 [main] org.apache.catalina.core.AprLifecycleListener.lifecycleEvent 프로덕션 환경들에서 최적의 성능을 제공하는, APR 기반 Apache Tomcat Native 라이브러리가, 다음 java.library.path에서 발견되지 않습니다: [/home/hosting_users/usr/local/fakechroot/lib/fakechroot:/usr/local/fakechroot/lib/fakechroot:/home/hosting_users/usr/lib:/home/hosting_users/lib:/usr/local/mysql/lib:/usr/java/packages/lib:/usr/lib64:/lib64:/lib:/usr/lib]
06-Aug-2026 14:31:53.432 정보 [main] org.apache.coyote.AbstractProtocol.init 프로토콜 핸들러 ["http-nio-9111"]을(를) 초기화합니다.
06-Aug-2026 14:31:53.450 정보 [main] org.apache.catalina.startup.Catalina.load [358] 밀리초 내에 서버가 초기화되었습니다.
06-Aug-2026 14:31:53.474 정보 [main] org.apache.catalina.core.StandardService.startInternal 서비스 [ststbooks]을(를) 시작합니다.
06-Aug-2026 14:31:53.474 정보 [main] org.apache.catalina.core.StandardEngine.startInternal 서버 엔진을 시작합니다: [Apache Tomcat/10.0.20]
06-Aug-2026 14:31:53.478 정보 [main] org.apache.catalina.startup.HostConfig.deployDirectory 웹 애플리케이션 디렉토리 [/ststbooks/tomcat/webapps/manager]을(를) 배치합니다.
06-Aug-2026 14:31:53.859 정보 [main] org.apache.jasper.servlet.TldScanner.scanJars 적어도 하나의 JAR가 TLD들을 찾기 위해 스캔되었으나 아무 것도 찾지 못했습니다. 스캔했으나 TLD가 없는 JAR들의 전체 목록을 보시려면, 로그 레벨을 디버그 레벨로 설정하십시오. 스캔 과정에서 불필요한 JAR들을 건너뛰면, 시스템 시작 시간과 JSP 컴파일 시간을 단축시킬 수 있습니다.
06-Aug-2026 14:31:53.892 정보 [main] org.apache.catalina.startup.HostConfig.deployDirectory 웹 애플리케이션 디렉토리 [/ststbooks/tomcat/webapps/manager]에 대한 배치가 [412] 밀리초에 완료되었습니다.
06-Aug-2026 14:31:53.892 정보 [main] org.apache.catalina.startup.HostConfig.deployDirectory 웹 애플리케이션 디렉토리 [/ststbooks/tomcat/webapps/ROOT]을(를) 배치합니다.
06-Aug-2026 14:31:54.061 정보 [main] org.apache.jasper.servlet.TldScanner.scanJars 적어도 하나의 JAR가 TLD들을 찾기 위해 스캔되었으나 아무 것도 찾지 못했습니다. 스캔했으나 TLD가 없는 JAR들의 전체 목록을 보시려면, 로그 레벨을 디버그 레벨로 설정하십시오. 스캔 과정에서 불필요한 JAR들을 건너뛰면, 시스템 시작 시간과 JSP 컴파일 시간을 단축시킬 수 있습니다.
06-Aug-2026 14:31:54.062 정보 [main] org.apache.catalina.startup.HostConfig.deployDirectory 웹 애플리케이션 디렉토리 [/ststbooks/tomcat/webapps/ROOT]에 대한 배치가 [170] 밀리초에 완료되었습니다.
06-Aug-2026 14:31:54.062 정보 [main] org.apache.catalina.startup.HostConfig.deployDirectory 웹 애플리케이션 디렉토리 [/ststbooks/tomcat/webapps/host-manager]을(를) 배치합니다.
06-Aug-2026 14:31:54.214 정보 [main] org.apache.jasper.servlet.TldScanner.scanJars 적어도 하나의 JAR가 TLD들을 찾기 위해 스캔되었으나 아무 것도 찾지 못했습니다. 스캔했으나 TLD가 없는 JAR들의 전체 목록을 보시려면, 로그 레벨을 디버그 레벨로 설정하십시오. 스캔 과정에서 불필요한 JAR들을 건너뛰면, 시스템 시작 시간과 JSP 컴파일 시간을 단축시킬 수 있습니다.
06-Aug-2026 14:31:54.215 정보 [main] org.apache.catalina.startup.HostConfig.deployDirectory 웹 애플리케이션 디렉토리 [/ststbooks/tomcat/webapps/host-manager]에 대한 배치가 [153] 밀리초에 완료되었습니다.
06-Aug-2026 14:31:54.217 정보 [main] org.apache.coyote.AbstractProtocol.start 프로토콜 핸들러 ["http-nio-9111"]을(를) 시작합니다.
06-Aug-2026 14:31:54.237 정보 [main] org.apache.catalina.startup.Catalina.start 서버가 [787] 밀리초 내에 시작되었습니다.
06-Aug-2026 15:42:34.475 정보 [Catalina-utility-2] org.apache.catalina.startup.HostConfig.deployWAR 웹 애플리케이션 아카이브 [/ststbooks/tomcat/webapps/book_clinic-0.0.1-SNAPSHOT.war]을(를) 배치합니다.
06-Aug-2026 15:42:34.482 심각 [Catalina-utility-2] org.apache.catalina.startup.ContextConfig.beforeStart 컨텍스트 [/book_clinic-0.0.1-SNAPSHOT]을(를) 위한 docBase를 조정하는 중 예외 발생
	java.util.zip.ZipException: zip END header not found
		at java.base/java.util.zip.ZipFile$Source.findEND(ZipFile.java:1469)
		at java.base/java.util.zip.ZipFile$Source.initCEN(ZipFile.java:1477)
		at java.base/java.util.zip.ZipFile$Source.<init>(ZipFile.java:1315)
		at java.base/java.util.zip.ZipFile$Source.get(ZipFile.java:1277)
		at java.base/java.util.zip.ZipFile$CleanableResource.<init>(ZipFile.java:709)
		at java.base/java.util.zip.ZipFile.<init>(ZipFile.java:243)
		at java.base/java.util.zip.ZipFile.<init>(ZipFile.java:172)
		at java.base/java.util.jar.JarFile.<init>(JarFile.java:347)
		at java.base/sun.net.www.protocol.jar.URLJarFile.<init>(URLJarFile.java:103)
		at java.base/sun.net.www.protocol.jar.URLJarFile.getJarFile(URLJarFile.java:72)
		at java.base/sun.net.www.protocol.jar.JarFileFactory.get(JarFileFactory.java:168)
		at java.base/sun.net.www.protocol.jar.JarURLConnection.connect(JarURLConnection.java:131)
		at java.base/sun.net.www.protocol.jar.JarURLConnection.getJarFile(JarURLConnection.java:92)
		at org.apache.catalina.startup.ExpandWar.expand(ExpandWar.java:128)
		at org.apache.catalina.startup.ContextConfig.fixDocBase(ContextConfig.java:820)
		at org.apache.catalina.startup.ContextConfig.beforeStart(ContextConfig.java:959)
		at org.apache.catalina.startup.ContextConfig.lifecycleEvent(ContextConfig.java:305)
		at org.apache.catalina.util.LifecycleBase.fireLifecycleEvent(LifecycleBase.java:123)
		at org.apache.catalina.util.LifecycleBase.setStateInternal(LifecycleBase.java:423)
		at org.apache.catalina.util.LifecycleBase.start(LifecycleBase.java:182)
		at org.apache.catalina.core.ContainerBase.addChildInternal(ContainerBase.java:726)
		at org.apache.catalina.core.ContainerBase.addChild(ContainerBase.java:698)
		at org.apache.catalina.core.StandardHost.addChild(StandardHost.java:747)
		at org.apache.catalina.startup.HostConfig.deployWAR(HostConfig.java:1027)
		at org.apache.catalina.startup.HostConfig$DeployWar.run(HostConfig.java:2001)
		at java.base/java.util.concurrent.Executors$RunnableAdapter.call(Executors.java:539)
		at java.base/java.util.concurrent.FutureTask.run(FutureTask.java:264)
		at org.apache.tomcat.util.threads.InlineExecutorService.execute(InlineExecutorService.java:75)
		at java.base/java.util.concurrent.AbstractExecutorService.submit(AbstractExecutorService.java:123)
		at org.apache.catalina.startup.HostConfig.deployWARs(HostConfig.java:828)
		at org.apache.catalina.startup.HostConfig.deployApps(HostConfig.java:478)
		at org.apache.catalina.startup.HostConfig.check(HostConfig.java:1757)
		at org.apache.catalina.startup.HostConfig.lifecycleEvent(HostConfig.java:316)
		at org.apache.catalina.util.LifecycleBase.fireLifecycleEvent(LifecycleBase.java:123)
		at org.apache.catalina.core.ContainerBase.backgroundProcess(ContainerBase.java:1162)
		at org.apache.catalina.core.ContainerBase$ContainerBackgroundProcessor.processChildren(ContainerBase.java:1365)
		at org.apache.catalina.core.ContainerBase$ContainerBackgroundProcessor.processChildren(ContainerBase.java:1369)
		at org.apache.catalina.core.ContainerBase$ContainerBackgroundProcessor.run(ContainerBase.java:1347)
		at java.base/java.util.concurrent.Executors$RunnableAdapter.call(Executors.java:539)
		at java.base/java.util.concurrent.FutureTask.runAndReset(FutureTask.java:305)
		at java.base/java.util.concurrent.ScheduledThreadPoolExecutor$ScheduledFutureTask.run(ScheduledThreadPoolExecutor.java:305)
		at java.base/java.util.concurrent.ThreadPoolExecutor.runWorker(ThreadPoolExecutor.java:1136)
		at java.base/java.util.concurrent.ThreadPoolExecutor$Worker.run(ThreadPoolExecutor.java:635)
		at org.apache.tomcat.util.threads.TaskThread$WrappingRunnable.run(TaskThread.java:61)
		at java.base/java.lang.Thread.run(Thread.java:833)
06-Aug-2026 15:42:34.487 심각 [Catalina-utility-2] org.apache.catalina.startup.HostConfig.deployWAR 웹 애플리케이션 아카이브 [/ststbooks/tomcat/webapps/book_clinic-0.0.1-SNAPSHOT.war]을(를) 배치하는 중 오류 발생
	java.lang.IllegalStateException: 자식 컨테이너를 시작하는 중 오류 발생
		at org.apache.catalina.core.ContainerBase.addChildInternal(ContainerBase.java:729)
		at org.apache.catalina.core.ContainerBase.addChild(ContainerBase.java:698)
		at org.apache.catalina.core.StandardHost.addChild(StandardHost.java:747)
		at org.apache.catalina.startup.HostConfig.deployWAR(HostConfig.java:1027)
		at org.apache.catalina.startup.HostConfig$DeployWar.run(HostConfig.java:2001)
		at java.base/java.util.concurrent.Executors$RunnableAdapter.call(Executors.java:539)
		at java.base/java.util.concurrent.FutureTask.run(FutureTask.java:264)
		at org.apache.tomcat.util.threads.InlineExecutorService.execute(InlineExecutorService.java:75)
		at java.base/java.util.concurrent.AbstractExecutorService.submit(AbstractExecutorService.java:123)
		at org.apache.catalina.startup.HostConfig.deployWARs(HostConfig.java:828)
		at org.apache.catalina.startup.HostConfig.deployApps(HostConfig.java:478)
		at org.apache.catalina.startup.HostConfig.check(HostConfig.java:1757)
		at org.apache.catalina.startup.HostConfig.lifecycleEvent(HostConfig.java:316)
		at org.apache.catalina.util.LifecycleBase.fireLifecycleEvent(LifecycleBase.java:123)
		at org.apache.catalina.core.ContainerBase.backgroundProcess(ContainerBase.java:1162)
		at org.apache.catalina.core.ContainerBase$ContainerBackgroundProcessor.processChildren(ContainerBase.java:1365)
		at org.apache.catalina.core.ContainerBase$ContainerBackgroundProcessor.processChildren(ContainerBase.java:1369)
		at org.apache.catalina.core.ContainerBase$ContainerBackgroundProcessor.run(ContainerBase.java:1347)
		at java.base/java.util.concurrent.Executors$RunnableAdapter.call(Executors.java:539)
		at java.base/java.util.concurrent.FutureTask.runAndReset(FutureTask.java:305)
		at java.base/java.util.concurrent.ScheduledThreadPoolExecutor$ScheduledFutureTask.run(ScheduledThreadPoolExecutor.java:305)
		at java.base/java.util.concurrent.ThreadPoolExecutor.runWorker(ThreadPoolExecutor.java:1136)
		at java.base/java.util.concurrent.ThreadPoolExecutor$Worker.run(ThreadPoolExecutor.java:635)
		at org.apache.tomcat.util.threads.TaskThread$WrappingRunnable.run(TaskThread.java:61)
		at java.base/java.lang.Thread.run(Thread.java:833)
	Caused by: org.apache.catalina.LifecycleException: 구성요소 [org.apache.catalina.webresources.WarResourceSet@1ef3af42]을(를) 초기화하지 못했습니다.
		at org.apache.catalina.util.LifecycleBase.handleSubClassException(LifecycleBase.java:440)
		at org.apache.catalina.util.LifecycleBase.init(LifecycleBase.java:139)
		at org.apache.catalina.util.LifecycleBase.start(LifecycleBase.java:173)
		at org.apache.catalina.webresources.StandardRoot.startInternal(StandardRoot.java:727)
		at org.apache.catalina.util.LifecycleBase.start(LifecycleBase.java:183)
		at org.apache.catalina.core.StandardContext.resourcesStart(StandardContext.java:4834)
		at org.apache.catalina.core.StandardContext.startInternal(StandardContext.java:4972)
		at org.apache.catalina.util.LifecycleBase.start(LifecycleBase.java:183)
		at org.apache.catalina.core.ContainerBase.addChildInternal(ContainerBase.java:726)
		... 24 more
	Caused by: java.lang.IllegalArgumentException: java.io.IOException: java.lang.reflect.InvocationTargetException
		at org.apache.catalina.webresources.AbstractSingleArchiveResourceSet.initInternal(AbstractSingleArchiveResourceSet.java:143)
		at org.apache.catalina.util.LifecycleBase.init(LifecycleBase.java:136)
		... 31 more
	Caused by: java.io.IOException: java.lang.reflect.InvocationTargetException
		at org.apache.tomcat.util.compat.Jre9Compat.jarFileNewInstance(Jre9Compat.java:209)
		at org.apache.tomcat.util.compat.JreCompat.jarFileNewInstance(JreCompat.java:226)
		at org.apache.catalina.webresources.AbstractSingleArchiveResourceSet.initInternal(AbstractSingleArchiveResourceSet.java:140)
		... 32 more
	Caused by: java.lang.reflect.InvocationTargetException
		at java.base/jdk.internal.reflect.GeneratedConstructorAccessor7.newInstance(Unknown Source)
		at java.base/jdk.internal.reflect.DelegatingConstructorAccessorImpl.newInstance(DelegatingConstructorAccessorImpl.java:45)
		at java.base/java.lang.reflect.Constructor.newInstanceWithCaller(Constructor.java:499)
		at java.base/java.lang.reflect.Constructor.newInstance(Constructor.java:480)
		at org.apache.tomcat.util.compat.Jre9Compat.jarFileNewInstance(Jre9Compat.java:206)
		... 34 more
	Caused by: java.util.zip.ZipException: zip END header not found
		at java.base/java.util.zip.ZipFile$Source.findEND(ZipFile.java:1469)
		at java.base/java.util.zip.ZipFile$Source.initCEN(ZipFile.java:1477)
		at java.base/java.util.zip.ZipFile$Source.<init>(ZipFile.java:1315)
		at java.base/java.util.zip.ZipFile$Source.get(ZipFile.java:1277)
		at java.base/java.util.zip.ZipFile$CleanableResource.<init>(ZipFile.java:709)
		at java.base/java.util.zip.ZipFile.<init>(ZipFile.java:243)
		at java.base/java.util.zip.ZipFile.<init>(ZipFile.java:172)
		at java.base/java.util.jar.JarFile.<init>(JarFile.java:347)
		... 39 more
06-Aug-2026 15:42:34.488 정보 [Catalina-utility-2] org.apache.catalina.startup.HostConfig.deployWAR 웹 애플리케이션 아카이브 [/ststbooks/tomcat/webapps/book_clinic-0.0.1-SNAPSHOT.war]의 배치가 [13] 밀리초에 완료되었습니다.
06-Aug-2026 15:42:44.489 정보 [Catalina-utility-2] org.apache.catalina.startup.HostConfig.undeploy 컨텍스트 [/book_clinic-0.0.1-SNAPSHOT]의 배치를 제거합니다.
06-Aug-2026 15:42:44.492 정보 [Catalina-utility-2] org.apache.catalina.startup.HostConfig.deployWAR 웹 애플리케이션 아카이브 [/ststbooks/tomcat/webapps/book_clinic-0.0.1-SNAPSHOT.war]을(를) 배치합니다.
06-Aug-2026 15:42:48.147 정보 [Catalina-utility-2] org.apache.jasper.servlet.TldScanner.scanJars 적어도 하나의 JAR가 TLD들을 찾기 위해 스캔되었으나 아무 것도 찾지 못했습니다. 스캔했으나 TLD가 없는 JAR들의 전체 목록을 보시려면, 로그 레벨을 디버그 레벨로 설정하십시오. 스캔 과정에서 불필요한 JAR들을 건너뛰면, 시스템 시작 시간과 JSP 컴파일 시간을 단축시킬 수 있습니다.
06-Aug-2026 15:42:48.199 정보 [Catalina-utility-2] org.apache.catalina.core.ApplicationContext.log 2 Spring WebApplicationInitializers detected on classpath

  .   ____          _            __ _ _
 /\\ / ___'_ __ _ _(_)_ __  __ _ \ \ \ \
( ( )\___ | '_ | '_| | '_ \/ _` | \ \ \ \
 \\/  ___)| |_)| | | | | || (_| |  ) ) ) )
  '  |____| .__|_| |_|_| |_\__, | / / / /
 =========|_|==============|___/=/_/_/_/

[32m :: Spring Boot :: [39m             [2m (v3.5.14)[0;39m

[2m2026-08-06T15:42:48.705+09:00[0;39m [32m INFO[0;39m [35m51390[0;39m [2m--- [all-pass] [alina-utility-2] [0;39m[36mc.h.book_clinic.ServletInitializer      [0;39m [2m:[0;39m Starting ServletInitializer v0.0.1-SNAPSHOT using Java 17.0.4-internal with PID 51390 (/ststbooks/tomcat/webapps/book_clinic-0.0.1-SNAPSHOT/WEB-INF/classes started by ststbooks in /ststbooks)
[2m2026-08-06T15:42:48.708+09:00[0;39m [32m INFO[0;39m [35m51390[0;39m [2m--- [all-pass] [alina-utility-2] [0;39m[36mc.h.book_clinic.ServletInitializer      [0;39m [2m:[0;39m The following 3 profiles are active: "API-KEY", "secrets", "prod"
06-Aug-2026 15:42:49.575 정보 [Catalina-utility-2] org.apache.catalina.core.ApplicationContext.log Initializing Spring embedded WebApplicationContext
[2m2026-08-06T15:42:49.576+09:00[0;39m [32m INFO[0;39m [35m51390[0;39m [2m--- [all-pass] [alina-utility-2] [0;39m[36mw.s.c.ServletWebServerApplicationContext[0;39m [2m:[0;39m Root WebApplicationContext: initialization completed in 820 ms
Logging initialized using 'class org.apache.ibatis.logging.stdout.StdOutImpl' adapter.
[2m2026-08-06T15:42:51.103+09:00[0;39m [33m WARN[0;39m [35m51390[0;39m [2m--- [all-pass] [alina-utility-2] [0;39m[36mo.s.w.s.resource.ResourceHandlerUtils   [0;39m [2m:[0;39m Appended trailing slash to static resource location: file:///ststbooks/uploads/
[2m2026-08-06T15:42:51.115+09:00[0;39m [32m INFO[0;39m [35m51390[0;39m [2m--- [all-pass] [alina-utility-2] [0;39m[36meAuthenticationProviderManagerConfigurer[0;39m [2m:[0;39m Global AuthenticationManager configured with AuthenticationProvider bean with name customAuthenticationProvider
[2m2026-08-06T15:42:51.479+09:00[0;39m [32m INFO[0;39m [35m51390[0;39m [2m--- [all-pass] [alina-utility-2] [0;39m[36mc.h.book_clinic.ServletInitializer      [0;39m [2m:[0;39m Started ServletInitializer in 3.203 seconds (process running for 4258.544)
[2m2026-08-06T15:42:51.485+09:00[0;39m [32m INFO[0;39m [35m51390[0;39m [2m--- [all-pass] [alina-utility-2] [0;39m[36mcom.zaxxer.hikari.HikariDataSource      [0;39m [2m:[0;39m HikariPool-1 - Starting...
Creating a new SqlSession
SqlSession [org.apache.ibatis.session.defaults.DefaultSqlSession@6e29a72d] was not registered for synchronization because synchronization is not active
[2m2026-08-06T15:42:51.682+09:00[0;39m [32m INFO[0;39m [35m51390[0;39m [2m--- [all-pass] [alina-utility-2] [0;39m[36mcom.zaxxer.hikari.pool.HikariPool       [0;39m [2m:[0;39m HikariPool-1 - Added connection ConnectionID:1 ClientConnectionId: 47da2a59-17c4-47fe-8dcd-a4578242f302
[2m2026-08-06T15:42:51.684+09:00[0;39m [32m INFO[0;39m [35m51390[0;39m [2m--- [all-pass] [alina-utility-2] [0;39m[36mcom.zaxxer.hikari.HikariDataSource      [0;39m [2m:[0;39m HikariPool-1 - Start completed.
JDBC Connection [HikariProxyConnection@1899834881 wrapping ConnectionID:1 ClientConnectionId: 47da2a59-17c4-47fe-8dcd-a4578242f302] will not be managed by Spring
==>  Preparing: UPDATE erp_bookstore_payment SET status = 'CLOSED' WHERE status = 'READY' AND requested_at < ?
==> Parameters: 2026-08-06T15:32:51.483265811(LocalDateTime)
06-Aug-2026 15:42:51.738 정보 [Catalina-utility-2] org.apache.catalina.startup.HostConfig.deployWAR 웹 애플리케이션 아카이브 [/ststbooks/tomcat/webapps/book_clinic-0.0.1-SNAPSHOT.war]의 배치가 [7,246] 밀리초에 완료되었습니다.
<==    Updates: 0
Closing non transactional SqlSession [org.apache.ibatis.session.defaults.DefaultSqlSession@6e29a72d]
NOTE: Picked up JDK_JAVA_OPTIONS:  --add-opens=java.base/java.lang=ALL-UNNAMED --add-opens=java.base/java.io=ALL-UNNAMED --add-opens=java.base/java.util=ALL-UNNAMED --add-opens=java.base/java.util.concurrent=ALL-UNNAMED --add-opens=java.rmi/sun.rmi.transport=ALL-UNNAMED
06-Aug-2026 15:43:20.624 정보 [main] org.apache.catalina.core.AprLifecycleListener.lifecycleEvent 프로덕션 환경들에서 최적의 성능을 제공하는, APR 기반 Apache Tomcat Native 라이브러리가, 다음 java.library.path에서 발견되지 않습니다: [/home/hosting_users/usr/local/fakechroot/lib/fakechroot:/usr/local/fakechroot/lib/fakechroot:/home/hosting_users/usr/lib:/home/hosting_users/lib:/usr/local/mysql/lib:/usr/java/packages/lib:/usr/lib64:/lib64:/lib:/usr/lib]
06-Aug-2026 15:43:20.808 정보 [main] org.apache.coyote.AbstractProtocol.init 프로토콜 핸들러 ["http-nio-9111"]을(를) 초기화합니다.
06-Aug-2026 15:43:20.822 정보 [main] org.apache.catalina.startup.Catalina.load [322] 밀리초 내에 서버가 초기화되었습니다.
06-Aug-2026 15:43:20.846 정보 [main] org.apache.catalina.core.StandardService.startInternal 서비스 [ststbooks]을(를) 시작합니다.
06-Aug-2026 15:43:20.846 정보 [main] org.apache.catalina.core.StandardEngine.startInternal 서버 엔진을 시작합니다: [Apache Tomcat/10.0.20]
06-Aug-2026 15:43:20.854 정보 [main] org.apache.catalina.startup.HostConfig.deployWAR 웹 애플리케이션 아카이브 [/ststbooks/tomcat/webapps/book_clinic-0.0.1-SNAPSHOT.war]을(를) 배치합니다.
06-Aug-2026 15:43:24.266 정보 [main] org.apache.jasper.servlet.TldScanner.scanJars 적어도 하나의 JAR가 TLD들을 찾기 위해 스캔되었으나 아무 것도 찾지 못했습니다. 스캔했으나 TLD가 없는 JAR들의 전체 목록을 보시려면, 로그 레벨을 디버그 레벨로 설정하십시오. 스캔 과정에서 불필요한 JAR들을 건너뛰면, 시스템 시작 시간과 JSP 컴파일 시간을 단축시킬 수 있습니다.
06-Aug-2026 15:43:24.312 정보 [main] org.apache.catalina.core.ApplicationContext.log 2 Spring WebApplicationInitializers detected on classpath

  .   ____          _            __ _ _
 /\\ / ___'_ __ _ _(_)_ __  __ _ \ \ \ \
( ( )\___ | '_ | '_| | '_ \/ _` | \ \ \ \
 \\/  ___)| |_)| | | | | || (_| |  ) ) ) )
  '  |____| .__|_| |_|_| |_\__, | / / / /
 =========|_|==============|___/=/_/_/_/

[32m :: Spring Boot :: [39m             [2m (v3.5.14)[0;39m

[2m2026-08-06T15:43:24.808+09:00[0;39m [32m INFO[0;39m [35m2062[0;39m [2m--- [all-pass] [           main] [0;39m[36mc.h.book_clinic.ServletInitializer      [0;39m [2m:[0;39m Starting ServletInitializer v0.0.1-SNAPSHOT using Java 17.0.4-internal with PID 2062 (/ststbooks/tomcat/webapps/book_clinic-0.0.1-SNAPSHOT/WEB-INF/classes started by ststbooks in /ststbooks)
[2m2026-08-06T15:43:24.810+09:00[0;39m [32m INFO[0;39m [35m2062[0;39m [2m--- [all-pass] [           main] [0;39m[36mc.h.book_clinic.ServletInitializer      [0;39m [2m:[0;39m The following 3 profiles are active: "API-KEY", "secrets", "prod"
06-Aug-2026 15:43:25.640 정보 [main] org.apache.catalina.core.ApplicationContext.log Initializing Spring embedded WebApplicationContext
[2m2026-08-06T15:43:25.641+09:00[0;39m [32m INFO[0;39m [35m2062[0;39m [2m--- [all-pass] [           main] [0;39m[36mw.s.c.ServletWebServerApplicationContext[0;39m [2m:[0;39m Root WebApplicationContext: initialization completed in 790 ms
Logging initialized using 'class org.apache.ibatis.logging.stdout.StdOutImpl' adapter.
[2m2026-08-06T15:43:27.063+09:00[0;39m [33m WARN[0;39m [35m2062[0;39m [2m--- [all-pass] [           main] [0;39m[36mo.s.w.s.resource.ResourceHandlerUtils   [0;39m [2m:[0;39m Appended trailing slash to static resource location: file:///ststbooks/uploads/
[2m2026-08-06T15:43:27.075+09:00[0;39m [32m INFO[0;39m [35m2062[0;39m [2m--- [all-pass] [           main] [0;39m[36meAuthenticationProviderManagerConfigurer[0;39m [2m:[0;39m Global AuthenticationManager configured with AuthenticationProvider bean with name customAuthenticationProvider
[2m2026-08-06T15:43:27.444+09:00[0;39m [32m INFO[0;39m [35m2062[0;39m [2m--- [all-pass] [           main] [0;39m[36mc.h.book_clinic.ServletInitializer      [0;39m [2m:[0;39m Started ServletInitializer in 3.058 seconds (process running for 7.097)
[2m2026-08-06T15:43:27.449+09:00[0;39m [32m INFO[0;39m [35m2062[0;39m [2m--- [all-pass] [           main] [0;39m[36mcom.zaxxer.hikari.HikariDataSource      [0;39m [2m:[0;39m HikariPool-1 - Starting...
Creating a new SqlSession
SqlSession [org.apache.ibatis.session.defaults.DefaultSqlSession@5a14e009] was not registered for synchronization because synchronization is not active
[2m2026-08-06T15:43:27.665+09:00[0;39m [32m INFO[0;39m [35m2062[0;39m [2m--- [all-pass] [           main] [0;39m[36mcom.zaxxer.hikari.pool.HikariPool       [0;39m [2m:[0;39m HikariPool-1 - Added connection ConnectionID:1 ClientConnectionId: 5ec11ef4-4825-40bd-85b1-5084772757d2
[2m2026-08-06T15:43:27.667+09:00[0;39m [32m INFO[0;39m [35m2062[0;39m [2m--- [all-pass] [           main] [0;39m[36mcom.zaxxer.hikari.HikariDataSource      [0;39m [2m:[0;39m HikariPool-1 - Start completed.
JDBC Connection [HikariProxyConnection@1205625405 wrapping ConnectionID:1 ClientConnectionId: 5ec11ef4-4825-40bd-85b1-5084772757d2] will not be managed by Spring
==>  Preparing: UPDATE erp_bookstore_payment SET status = 'CLOSED' WHERE status = 'READY' AND requested_at < ?
06-Aug-2026 15:43:27.713 정보 [main] org.apache.catalina.startup.HostConfig.deployWAR 웹 애플리케이션 아카이브 [/ststbooks/tomcat/webapps/book_clinic-0.0.1-SNAPSHOT.war]의 배치가 [6,859] 밀리초에 완료되었습니다.
06-Aug-2026 15:43:27.713 정보 [main] org.apache.catalina.startup.HostConfig.deployDirectory 웹 애플리케이션 디렉토리 [/ststbooks/tomcat/webapps/manager]을(를) 배치합니다.
==> Parameters: 2026-08-06T15:33:27.447556504(LocalDateTime)
<==    Updates: 0
Closing non transactional SqlSession [org.apache.ibatis.session.defaults.DefaultSqlSession@5a14e009]
06-Aug-2026 15:43:27.856 정보 [main] org.apache.jasper.servlet.TldScanner.scanJars 적어도 하나의 JAR가 TLD들을 찾기 위해 스캔되었으나 아무 것도 찾지 못했습니다. 스캔했으나 TLD가 없는 JAR들의 전체 목록을 보시려면, 로그 레벨을 디버그 레벨로 설정하십시오. 스캔 과정에서 불필요한 JAR들을 건너뛰면, 시스템 시작 시간과 JSP 컴파일 시간을 단축시킬 수 있습니다.
06-Aug-2026 15:43:27.859 정보 [main] org.apache.catalina.startup.HostConfig.deployDirectory 웹 애플리케이션 디렉토리 [/ststbooks/tomcat/webapps/manager]에 대한 배치가 [146] 밀리초에 완료되었습니다.
06-Aug-2026 15:43:27.860 정보 [main] org.apache.catalina.startup.HostConfig.deployDirectory 웹 애플리케이션 디렉토리 [/ststbooks/tomcat/webapps/ROOT]을(를) 배치합니다.
06-Aug-2026 15:43:27.989 정보 [main] org.apache.jasper.servlet.TldScanner.scanJars 적어도 하나의 JAR가 TLD들을 찾기 위해 스캔되었으나 아무 것도 찾지 못했습니다. 스캔했으나 TLD가 없는 JAR들의 전체 목록을 보시려면, 로그 레벨을 디버그 레벨로 설정하십시오. 스캔 과정에서 불필요한 JAR들을 건너뛰면, 시스템 시작 시간과 JSP 컴파일 시간을 단축시킬 수 있습니다.
06-Aug-2026 15:43:27.990 정보 [main] org.apache.catalina.startup.HostConfig.deployDirectory 웹 애플리케이션 디렉토리 [/ststbooks/tomcat/webapps/ROOT]에 대한 배치가 [130] 밀리초에 완료되었습니다.
06-Aug-2026 15:43:27.990 정보 [main] org.apache.catalina.startup.HostConfig.deployDirectory 웹 애플리케이션 디렉토리 [/ststbooks/tomcat/webapps/host-manager]을(를) 배치합니다.
06-Aug-2026 15:43:28.131 정보 [main] org.apache.jasper.servlet.TldScanner.scanJars 적어도 하나의 JAR가 TLD들을 찾기 위해 스캔되었으나 아무 것도 찾지 못했습니다. 스캔했으나 TLD가 없는 JAR들의 전체 목록을 보시려면, 로그 레벨을 디버그 레벨로 설정하십시오. 스캔 과정에서 불필요한 JAR들을 건너뛰면, 시스템 시작 시간과 JSP 컴파일 시간을 단축시킬 수 있습니다.
06-Aug-2026 15:43:28.132 정보 [main] org.apache.catalina.startup.HostConfig.deployDirectory 웹 애플리케이션 디렉토리 [/ststbooks/tomcat/webapps/host-manager]에 대한 배치가 [142] 밀리초에 완료되었습니다.
06-Aug-2026 15:43:28.133 정보 [main] org.apache.coyote.AbstractProtocol.start 프로토콜 핸들러 ["http-nio-9111"]을(를) 시작합니다.
06-Aug-2026 15:43:28.140 정보 [main] org.apache.catalina.startup.Catalina.start 서버가 [7316] 밀리초 내에 시작되었습니다.
